C:\Users\moushumibrahma\Documents\workspace\OnlineStore\OnlineStore\src\pageObjects\Confirmation_Page.java
C:\Users\moushumibrahma\Documents\workspace\OnlineStore\OnlineStore\src\appModules\PaymentDetails_Action.java
C:\Users\moushumibrahma\Documents\workspace\OnlineStore\OnlineStore\src\pageObjects\ProductListing_Page.java
C:\Users\moushumibrahma\Documents\workspace\OnlineStore\OnlineStore\src\utility\Constant.java
C:\Users\moushumibrahma\Documents\workspace\OnlineStore\OnlineStore\src\utility\Log.java
C:\Users\moushumibrahma\Documents\workspace\OnlineStore\OnlineStore\src\pageObjects\LogIn_Page.java
C:\Users\moushumibrahma\Documents\workspace\OnlineStore\OnlineStore\src\pageObjects\PaymentDetails_Page.java
C:\Users\moushumibrahma\Documents\workspace\OnlineStore\OnlineStore\src\utility\Listeners.java
C:\Users\moushumibrahma\Documents\workspace\OnlineStore\OnlineStore\src\pageObjects\BaseClass.java
C:\Users\moushumibrahma\Documents\workspace\OnlineStore\OnlineStore\src\appModules\Confirmation_Action.java
C:\Users\moushumibrahma\Documents\workspace\OnlineStore\OnlineStore\src\utility\ExcelUtils.java
C:\Users\moushumibrahma\Documents\workspace\OnlineStore\OnlineStore\src\utility\Utils.java
C:\Users\moushumibrahma\Documents\workspace\OnlineStore\OnlineStore\src\testCases\Framework_001.java
C:\Users\moushumibrahma\Documents\workspace\OnlineStore\OnlineStore\src\pageObjects\Home_Page.java
C:\Users\moushumibrahma\Documents\workspace\OnlineStore\OnlineStore\src\appModules\ProductSelect_Action.java
C:\Users\moushumibrahma\Documents\workspace\OnlineStore\OnlineStore\src\testCases\Framework_002.java
C:\Users\moushumibrahma\Documents\workspace\OnlineStore\OnlineStore\src\appModules\SignIn_Action.java
C:\Users\moushumibrahma\Documents\workspace\OnlineStore\OnlineStore\src\appModules\Verification_Action.java
C:\Users\moushumibrahma\Documents\workspace\OnlineStore\OnlineStore\src\appModules\CheckOut_Action.java
C:\Users\moushumibrahma\Documents\workspace\OnlineStore\OnlineStore\src\utility\Listener.java
C:\Users\moushumibrahma\Documents\workspace\OnlineStore\OnlineStore\src\pageObjects\CheckOut_Page.java
